2025-06-16 19:44:06 - INFO - Main script started


2025-06-16 19:44:06 - INFO - Processing 2016-AL-Physics-All-English

2025-06-16 19:44:06 - DEBUG - Bronze path: ./data/Bronze/2016-AL-Physics-All-English.pdf
2025-06-16 19:44:06 - DEBUG - Silver path: ./data/Silver/2016-AL-Physics-All-English
2025-06-16 19:44:06 - DEBUG - Gold path: ./data/Gold/2016-AL-Physics-All-English
2025-06-16 19:44:06 - DEBUG - Primary path: ./data/primary/2016-AL-Physics-All-English
2025-06-16 19:44:06 - INFO - Current progress for 2016-AL-Physics-All-English: 3.
2025-06-16 19:44:06 - INFO - Steps remaining for 2016-AL-Physics-All-English: gold_to_primary

2025-06-16 19:44:06 - INFO - Converted page_2_crop4_class0.jpg to base64
2025-06-16 19:44:06 - INFO - Converted page_2_crop8_class0.jpg to base64
2025-06-16 19:44:06 - INFO - Converted page_2_crop0_class0.jpg to base64
2025-06-16 19:44:06 - INFO - Converted page_3_crop7_class0.jpg to base64
2025-06-16 19:44:06 - INFO - Converted page_3_crop5_class0.jpg to base64
2025-06-16 19:44:06 - INFO - Converted page_4_crop1_class0.jpg to base64
2025-06-16 19:44:06 - INFO - Converted page_4_crop0_class0.jpg to base64
2025-06-16 19:44:06 - INFO - Converted page_4_crop2_class0.jpg to base64
2025-06-16 19:44:06 - INFO - Converted page_4_crop3_class0.jpg to base64
2025-06-16 19:44:06 - INFO - Converted page_5_crop1_class0.jpg to base64
2025-06-16 19:44:06 - INFO - Converted page_5_crop0_class0.jpg to base64
2025-06-16 19:44:06 - INFO - Converted page_5_crop2_class0.jpg to base64
2025-06-16 19:44:07 - INFO - Converted page_5_crop3_class0.jpg to base64
2025-06-16 19:44:07 - INFO - Converted page_5_crop4_class0.jpg to base64
2025-06-16 19:44:07 - INFO - Converted page_6_crop2_class0.jpg to base64
2025-06-16 19:44:07 - INFO - Converted page_6_crop0_class0.jpg to base64
2025-06-16 19:44:07 - INFO - Converted page_6_crop3_class0.jpg to base64
2025-06-16 19:44:07 - INFO - Converted page_6_crop1_class0.jpg to base64
2025-06-16 19:44:07 - INFO - Converted page_7_crop1_class0.jpg to base64
2025-06-16 19:44:07 - INFO - Converted page_7_crop0_class0.jpg to base64
2025-06-16 19:44:07 - INFO - Converted page_7_crop3_class0.jpg to base64
2025-06-16 19:44:07 - INFO - Converted page_7_crop2_class0.jpg to base64
2025-06-16 19:44:07 - INFO - Converted page_9_crop6_class0.jpg to base64
2025-06-16 19:44:07 - INFO - Converted page_9_crop7_class0.jpg to base64
2025-06-16 19:44:07 - INFO - Converted page_9_crop2_class0.jpg to base64
2025-06-16 19:44:07 - INFO - Converted page_10_crop0_class0.jpg to base64
2025-06-16 19:44:07 - INFO - Converted page_10_crop1_class0.jpg to base64
2025-06-16 19:44:07 - INFO - Converted page_10_crop0_class0.jpg to base64
2025-06-16 19:44:07 - INFO - Converted page_10_crop2_class0.jpg to base64
2025-06-16 19:44:07 - INFO - Converted page_2_crop1_class0.jpg to base64
2025-06-16 19:44:07 - INFO - Converted page_2_crop6_class0.jpg to base64
2025-06-16 19:44:07 - INFO - Cleaned 50 questions into ./data/primary/2016-AL-Physics-All-English\mcq.json
2025-06-16 19:44:07 - INFO - Cleaned JSONs and converted images to base64

2025-06-16 19:44:07 - INFO - Metadata for 2016-AL-Physics-All-English written to ./data/metadata/2016-AL-Physics-All-English.json
2025-06-16 19:44:07 - DEBUG - Metadata content: {
  "pdf": "2016-AL-Physics-All-English.pdf",
  "progress": 4,
  "steps": {
    "bronze_to_silver": {
      "status": "done",
      "source_layer": "Bronze",
      "source_path": "./data/Bronze/2016-AL-Physics-All-English.pdf",
      "target_layer": "Silver",
      "target_path": "./data/Silver/2016-AL-Physics-All-English",
      "timestamp": "2025-06-13T22:17:30.592682"
    },
    "silver_to_gold_i": {
      "status": "done",
      "source_layer": "Silver",
      "source_path": "./data/Silver/2016-AL-Physics-All-English",
      "target_layer": "Gold_Images",
      "target_path": "./data/Gold/2016-AL-Physics-All-English",
      "timestamp": "2025-06-13T22:17:41.895574"
    },
    "silver_gold_to_gold_q": {
      "status": "done",
      "source_layer": "Silver + Gold_Images",
      "source_path": "./data/Silver/2016-AL-Physics-All-English, ./data/Gold/2016-AL-Physics-All-English",
      "target_layer": "Gold_Questions",
      "target_path": "./data/Gold/2016-AL-Physics-All-English",
      "timestamp": "2025-06-13T22:21:35.412595"
    },
    "gold_to_primary": {
      "status": "done",
      "source_layer": "Gold",
      "source_path": "./data/Gold/2016-AL-Physics-All-English",
      "target_layer": "Primary",
      "target_path": "./data/primary/2016-AL-Physics-All-English",
      "timestamp": "2025-06-16T19:44:07.220244"
    }
  },
  "last_modified": "2025-06-16T19:44:07.220251"
}
2025-06-16 19:44:07 - INFO - Finished processing 2016-AL-Physics-All-English.


2025-06-16 19:44:07 - INFO - Processing 2017-AL-Physics-All-English

2025-06-16 19:44:07 - DEBUG - Bronze path: ./data/Bronze/2017-AL-Physics-All-English.pdf
2025-06-16 19:44:07 - DEBUG - Silver path: ./data/Silver/2017-AL-Physics-All-English
2025-06-16 19:44:07 - DEBUG - Gold path: ./data/Gold/2017-AL-Physics-All-English
2025-06-16 19:44:07 - DEBUG - Primary path: ./data/primary/2017-AL-Physics-All-English
2025-06-16 19:44:07 - INFO - Current progress for 2017-AL-Physics-All-English: 3.
2025-06-16 19:44:07 - INFO - Steps remaining for 2017-AL-Physics-All-English: gold_to_primary

2025-06-16 19:44:07 - INFO - Converted page_2_crop6_class0.jpg to base64
2025-06-16 19:44:07 - INFO - Converted page_3_crop3_class0.jpg to base64
2025-06-16 19:44:07 - INFO - Converted page_3_crop5_class0.jpg to base64
2025-06-16 19:44:07 - INFO - Converted page_3_crop5_class0.jpg to base64
2025-06-16 19:44:07 - INFO - Converted page_3_crop4_class0.jpg to base64
2025-06-16 19:44:07 - INFO - Converted page_3_crop0_class0.jpg to base64
2025-06-16 19:44:07 - INFO - Converted page_3_crop1_class0.jpg to base64
2025-06-16 19:44:07 - INFO - Converted page_4_crop0_class0.jpg to base64
2025-06-16 19:44:07 - INFO - Converted page_4_crop1_class0.jpg to base64
2025-06-16 19:44:07 - INFO - Converted page_4_crop2_class0.jpg to base64
2025-06-16 19:44:07 - INFO - Converted page_4_crop3_class0.jpg to base64
2025-06-16 19:44:07 - INFO - Converted page_5_crop0_class0.jpg to base64
2025-06-16 19:44:07 - INFO - Converted page_5_crop2_class0.jpg to base64
2025-06-16 19:44:07 - INFO - Converted page_5_crop1_class0.jpg to base64
2025-06-16 19:44:07 - INFO - Converted page_5_crop3_class0.jpg to base64
2025-06-16 19:44:07 - INFO - Converted page_6_crop3_class0.jpg to base64
2025-06-16 19:44:07 - INFO - Converted page_1_crop0_class0.jpg to base64
2025-06-16 19:44:07 - INFO - Converted page_6_crop7_class0.jpg to base64
2025-06-16 19:44:07 - INFO - Converted page_6_crop6_class0.jpg to base64
2025-06-16 19:44:07 - INFO - Converted page_7_crop2_class0.jpg to base64
2025-06-16 19:44:07 - INFO - Converted page_7_crop0_class0.jpg to base64
2025-06-16 19:44:07 - INFO - Converted page_7_crop1_class0.jpg to base64
2025-06-16 19:44:07 - INFO - Converted page_8_crop1_class0.jpg to base64
2025-06-16 19:44:07 - INFO - Converted page_8_crop18_class0.jpg to base64
2025-06-16 19:44:07 - INFO - Converted page_8_crop13_class0.jpg to base64
2025-06-16 19:44:07 - INFO - Converted page_8_crop12_class0.jpg to base64
2025-06-16 19:44:07 - INFO - Converted page_9_crop11_class0.jpg to base64
2025-06-16 19:44:08 - INFO - Converted page_9_crop14_class0.jpg to base64
2025-06-16 19:44:08 - INFO - Converted page_9_crop3_class0.jpg to base64
2025-06-16 19:44:08 - INFO - Converted page_9_crop6_class0.jpg to base64
2025-06-16 19:44:08 - INFO - Converted page_10_crop12_class0.jpg to base64
2025-06-16 19:44:08 - INFO - Converted page_10_crop1_class0.jpg to base64
2025-06-16 19:44:08 - INFO - Converted page_10_crop2_class0.jpg to base64
2025-06-16 19:44:08 - INFO - Converted page_10_crop9_class0.jpg to base64
2025-06-16 19:44:08 - INFO - Converted page_2_crop0_class0.jpg to base64
2025-06-16 19:44:08 - INFO - Converted page_2_crop7_class0.jpg to base64
2025-06-16 19:44:08 - INFO - Cleaned 49 questions into ./data/primary/2017-AL-Physics-All-English\mcq.json
2025-06-16 19:44:08 - INFO - Cleaned JSONs and converted images to base64

2025-06-16 19:44:08 - INFO - Metadata for 2017-AL-Physics-All-English written to ./data/metadata/2017-AL-Physics-All-English.json
2025-06-16 19:44:08 - DEBUG - Metadata content: {
  "pdf": "2017-AL-Physics-All-English.pdf",
  "progress": 4,
  "steps": {
    "bronze_to_silver": {
      "status": "done",
      "source_layer": "Bronze",
      "source_path": "./data/Bronze/2017-AL-Physics-All-English.pdf",
      "target_layer": "Silver",
      "target_path": "./data/Silver/2017-AL-Physics-All-English",
      "timestamp": "2025-06-13T22:23:41.296423"
    },
    "silver_to_gold_i": {
      "status": "done",
      "source_layer": "Silver",
      "source_path": "./data/Silver/2017-AL-Physics-All-English",
      "target_layer": "Gold_Images",
      "target_path": "./data/Gold/2017-AL-Physics-All-English",
      "timestamp": "2025-06-13T22:23:53.128659"
    },
    "silver_gold_to_gold_q": {
      "status": "done",
      "source_layer": "Silver + Gold_Images",
      "source_path": "./data/Silver/2017-AL-Physics-All-English, ./data/Gold/2017-AL-Physics-All-English",
      "target_layer": "Gold_Questions",
      "target_path": "./data/Gold/2017-AL-Physics-All-English",
      "timestamp": "2025-06-13T22:28:40.805486"
    },
    "gold_to_primary": {
      "status": "done",
      "source_layer": "Gold",
      "source_path": "./data/Gold/2017-AL-Physics-All-English",
      "target_layer": "Primary",
      "target_path": "./data/primary/2017-AL-Physics-All-English",
      "timestamp": "2025-06-16T19:44:08.438251"
    }
  },
  "last_modified": "2025-06-16T19:44:08.438256"
}
2025-06-16 19:44:08 - INFO - Finished processing 2017-AL-Physics-All-English.


2025-06-16 19:44:08 - INFO - Processing 2018-AL-Physics-All-English

2025-06-16 19:44:08 - DEBUG - Bronze path: ./data/Bronze/2018-AL-Physics-All-English.pdf
2025-06-16 19:44:08 - DEBUG - Silver path: ./data/Silver/2018-AL-Physics-All-English
2025-06-16 19:44:08 - DEBUG - Gold path: ./data/Gold/2018-AL-Physics-All-English
2025-06-16 19:44:08 - DEBUG - Primary path: ./data/primary/2018-AL-Physics-All-English
2025-06-16 19:44:08 - INFO - Current progress for 2018-AL-Physics-All-English: 3.
2025-06-16 19:44:08 - INFO - Steps remaining for 2018-AL-Physics-All-English: gold_to_primary

2025-06-16 19:44:08 - INFO - Converted page_2_crop7_class0.jpg to base64
2025-06-16 19:44:08 - INFO - Converted page_2_crop5_class0.jpg to base64
2025-06-16 19:44:08 - INFO - Converted page_2_crop8_class0.jpg to base64
2025-06-16 19:44:08 - INFO - Converted page_3_crop2_class0.jpg to base64
2025-06-16 19:44:08 - INFO - Converted page_3_crop0_class0.jpg to base64
2025-06-16 19:44:08 - INFO - Converted page_3_crop1_class0.jpg to base64
2025-06-16 19:44:08 - INFO - Converted page_3_crop3_class0.jpg to base64
2025-06-16 19:44:08 - INFO - Converted page_3_crop4_class0.jpg to base64
2025-06-16 19:44:08 - INFO - Converted page_3_crop5_class0.jpg to base64
2025-06-16 19:44:08 - INFO - Converted page_4_crop3_class0.jpg to base64
2025-06-16 19:44:08 - INFO - Converted page_4_crop6_class0.jpg to base64
2025-06-16 19:44:08 - INFO - Converted page_5_crop3_class0.jpg to base64
2025-06-16 19:44:08 - INFO - Converted page_5_crop2_class0.jpg to base64
2025-06-16 19:44:08 - INFO - Converted page_5_crop0_class0.jpg to base64
2025-06-16 19:44:08 - INFO - Converted page_5_crop1_class0.jpg to base64
2025-06-16 19:44:08 - INFO - Converted page_5_crop4_class0.jpg to base64
2025-06-16 19:44:08 - INFO - Converted page_6_crop0_class0.jpg to base64
2025-06-16 19:44:08 - INFO - Converted page_6_crop1_class0.jpg to base64
2025-06-16 19:44:08 - INFO - Converted page_6_crop2_class0.jpg to base64
2025-06-16 19:44:08 - INFO - Converted page_7_crop6_class0.jpg to base64
2025-06-16 19:44:09 - INFO - Converted page_7_crop2_class0.jpg to base64
2025-06-16 19:44:09 - INFO - Converted page_7_crop5_class0.jpg to base64
2025-06-16 19:44:09 - INFO - Converted page_7_crop3_class0.jpg to base64
2025-06-16 19:44:09 - INFO - Converted page_7_crop4_class0.jpg to base64
2025-06-16 19:44:09 - INFO - Converted page_8_crop2_class0.jpg to base64
2025-06-16 19:44:09 - INFO - Converted page_8_crop0_class0.jpg to base64
2025-06-16 19:44:09 - INFO - Converted page_9_crop0_class0.jpg to base64
2025-06-16 19:44:09 - INFO - Converted page_8_crop1_class0.jpg to base64
2025-06-16 19:44:09 - INFO - Converted page_8_crop3_class0.jpg to base64
2025-06-16 19:44:09 - INFO - Converted page_9_crop1_class0.jpg to base64
2025-06-16 19:44:09 - INFO - Converted page_10_crop0_class0.jpg to base64
2025-06-16 19:44:09 - INFO - Converted page_10_crop4_class0.jpg to base64
2025-06-16 19:44:09 - INFO - Converted page_10_crop2_class0.jpg to base64
2025-06-16 19:44:09 - INFO - Converted page_11_crop2_class0.jpg to base64
2025-06-16 19:44:09 - INFO - Converted page_11_crop1_class0.jpg to base64
2025-06-16 19:44:09 - INFO - Converted page_11_crop0_class0.jpg to base64
2025-06-16 19:44:09 - INFO - Converted page_11_crop3_class0.jpg to base64
2025-06-16 19:44:09 - INFO - Converted page_12_crop7_class0.jpg to base64
2025-06-16 19:44:09 - INFO - Converted page_12_crop8_class0.jpg to base64
2025-06-16 19:44:09 - INFO - Converted page_12_crop3_class0.jpg to base64
2025-06-16 19:44:09 - INFO - Cleaned 49 questions into ./data/primary/2018-AL-Physics-All-English\mcq.json
2025-06-16 19:44:09 - INFO - Cleaned JSONs and converted images to base64

2025-06-16 19:44:09 - INFO - Metadata for 2018-AL-Physics-All-English written to ./data/metadata/2018-AL-Physics-All-English.json
2025-06-16 19:44:09 - DEBUG - Metadata content: {
  "pdf": "2018-AL-Physics-All-English.pdf",
  "progress": 4,
  "steps": {
    "bronze_to_silver": {
      "status": "done",
      "source_layer": "Bronze",
      "source_path": "./data/Bronze/2018-AL-Physics-All-English.pdf",
      "target_layer": "Silver",
      "target_path": "./data/Silver/2018-AL-Physics-All-English",
      "timestamp": "2025-06-13T22:31:04.449654"
    },
    "silver_to_gold_i": {
      "status": "done",
      "source_layer": "Silver",
      "source_path": "./data/Silver/2018-AL-Physics-All-English",
      "target_layer": "Gold_Images",
      "target_path": "./data/Gold/2018-AL-Physics-All-English",
      "timestamp": "2025-06-13T22:31:13.515896"
    },
    "silver_gold_to_gold_q": {
      "status": "done",
      "source_layer": "Silver + Gold_Images",
      "source_path": "./data/Silver/2018-AL-Physics-All-English, ./data/Gold/2018-AL-Physics-All-English",
      "target_layer": "Gold_Questions",
      "target_path": "./data/Gold/2018-AL-Physics-All-English",
      "timestamp": "2025-06-13T22:36:19.059933"
    },
    "gold_to_primary": {
      "status": "done",
      "source_layer": "Gold",
      "source_path": "./data/Gold/2018-AL-Physics-All-English",
      "target_layer": "Primary",
      "target_path": "./data/primary/2018-AL-Physics-All-English",
      "timestamp": "2025-06-16T19:44:09.843644"
    }
  },
  "last_modified": "2025-06-16T19:44:09.843648"
}
2025-06-16 19:44:09 - INFO - Finished processing 2018-AL-Physics-All-English.


2025-06-16 19:44:09 - INFO - Processing 2019-AL-Physics-All-English

2025-06-16 19:44:09 - DEBUG - Bronze path: ./data/Bronze/2019-AL-Physics-All-English.pdf
2025-06-16 19:44:09 - DEBUG - Silver path: ./data/Silver/2019-AL-Physics-All-English
2025-06-16 19:44:09 - DEBUG - Gold path: ./data/Gold/2019-AL-Physics-All-English
2025-06-16 19:44:09 - DEBUG - Primary path: ./data/primary/2019-AL-Physics-All-English
2025-06-16 19:44:09 - INFO - Current progress for 2019-AL-Physics-All-English: 3.
2025-06-16 19:44:09 - INFO - Steps remaining for 2019-AL-Physics-All-English: gold_to_primary

2025-06-16 19:44:09 - INFO - Converted page_2_crop6_class0.jpg to base64
2025-06-16 19:44:10 - INFO - Converted page_4_crop7_class0.jpg to base64
2025-06-16 19:44:10 - INFO - Converted page_4_crop6_class0.jpg to base64
2025-06-16 19:44:10 - INFO - Converted page_3_crop0_class0.jpg to base64
2025-06-16 19:44:10 - INFO - Converted page_3_crop2_class0.jpg to base64
2025-06-16 19:44:10 - INFO - Converted page_3_crop1_class0.jpg to base64
2025-06-16 19:44:10 - INFO - Converted page_5_crop1_class0.jpg to base64
2025-06-16 19:44:10 - INFO - Converted page_5_crop2_class0.jpg to base64
2025-06-16 19:44:10 - INFO - Converted page_5_crop0_class0.jpg to base64
2025-06-16 19:44:10 - INFO - Converted page_6_crop5_class0.jpg to base64
2025-06-16 19:44:10 - INFO - Converted page_6_crop0_class0.jpg to base64
2025-06-16 19:44:10 - INFO - Converted page_7_crop0_class0.jpg to base64
2025-06-16 19:44:10 - INFO - Converted page_7_crop6_class0.jpg to base64
2025-06-16 19:44:10 - INFO - Converted page_8_crop0_class0.jpg to base64
2025-06-16 19:44:10 - INFO - Converted page_8_crop3_class0.jpg to base64
2025-06-16 19:44:10 - INFO - Converted page_8_crop2_class0.jpg to base64
2025-06-16 19:44:10 - INFO - Converted page_8_crop1_class0.jpg to base64
2025-06-16 19:44:10 - INFO - Converted page_9_crop0_class0.jpg to base64
2025-06-16 19:44:10 - INFO - Converted page_9_crop2_class0.jpg to base64
2025-06-16 19:44:11 - INFO - Converted page_9_crop1_class0.jpg to base64
2025-06-16 19:44:11 - INFO - Converted page_9_crop3_class0.jpg to base64
2025-06-16 19:44:11 - INFO - Converted page_9_crop2_class0.jpg to base64
2025-06-16 19:44:11 - INFO - Converted page_10_crop2_class0.jpg to base64
2025-06-16 19:44:11 - INFO - Converted page_10_crop1_class0.jpg to base64
2025-06-16 19:44:11 - INFO - Converted page_10_crop0_class0.jpg to base64
2025-06-16 19:44:11 - INFO - Converted page_10_crop8_class0.jpg to base64
2025-06-16 19:44:11 - INFO - Converted page_11_crop0_class0.jpg to base64
2025-06-16 19:44:11 - INFO - Converted page_11_crop10_class0.jpg to base64
2025-06-16 19:44:11 - INFO - Converted page_12_crop0_class0.jpg to base64
2025-06-16 19:44:11 - INFO - Converted page_2_crop1_class0.jpg to base64
2025-06-16 19:44:11 - INFO - Converted page_2_crop0_class0.jpg to base64
2025-06-16 19:44:11 - INFO - Cleaned 50 questions into ./data/primary/2019-AL-Physics-All-English\mcq.json
2025-06-16 19:44:11 - INFO - Cleaned JSONs and converted images to base64

2025-06-16 19:44:11 - INFO - Metadata for 2019-AL-Physics-All-English written to ./data/metadata/2019-AL-Physics-All-English.json
2025-06-16 19:44:11 - DEBUG - Metadata content: {
  "pdf": "2019-AL-Physics-All-English.pdf",
  "progress": 4,
  "steps": {
    "bronze_to_silver": {
      "status": "done",
      "source_layer": "Bronze",
      "source_path": "./data/Bronze/2019-AL-Physics-All-English.pdf",
      "target_layer": "Silver",
      "target_path": "./data/Silver/2019-AL-Physics-All-English",
      "timestamp": "2025-06-13T22:38:08.763995"
    },
    "silver_to_gold_i": {
      "status": "done",
      "source_layer": "Silver",
      "source_path": "./data/Silver/2019-AL-Physics-All-English",
      "target_layer": "Gold_Images",
      "target_path": "./data/Gold/2019-AL-Physics-All-English",
      "timestamp": "2025-06-13T22:38:18.578804"
    },
    "silver_gold_to_gold_q": {
      "status": "done",
      "source_layer": "Silver + Gold_Images",
      "source_path": "./data/Silver/2019-AL-Physics-All-English, ./data/Gold/2019-AL-Physics-All-English",
      "target_layer": "Gold_Questions",
      "target_path": "./data/Gold/2019-AL-Physics-All-English",
      "timestamp": "2025-06-13T22:42:37.193839"
    },
    "gold_to_primary": {
      "status": "done",
      "source_layer": "Gold",
      "source_path": "./data/Gold/2019-AL-Physics-All-English",
      "target_layer": "Primary",
      "target_path": "./data/primary/2019-AL-Physics-All-English",
      "timestamp": "2025-06-16T19:44:11.458351"
    }
  },
  "last_modified": "2025-06-16T19:44:11.458356"
}
2025-06-16 19:44:11 - INFO - Finished processing 2019-AL-Physics-All-English.


2025-06-16 19:44:11 - INFO - Processing 2020-AL-Physics-All-English

2025-06-16 19:44:11 - DEBUG - Bronze path: ./data/Bronze/2020-AL-Physics-All-English.pdf
2025-06-16 19:44:11 - DEBUG - Silver path: ./data/Silver/2020-AL-Physics-All-English
2025-06-16 19:44:11 - DEBUG - Gold path: ./data/Gold/2020-AL-Physics-All-English
2025-06-16 19:44:11 - DEBUG - Primary path: ./data/primary/2020-AL-Physics-All-English
2025-06-16 19:44:11 - INFO - Current progress for 2020-AL-Physics-All-English: 3.
2025-06-16 19:44:11 - INFO - Steps remaining for 2020-AL-Physics-All-English: gold_to_primary

2025-06-16 19:44:11 - INFO - Cleaned 0 questions into ./data/primary/2020-AL-Physics-All-English\mcq.json
2025-06-16 19:44:11 - INFO - Cleaned JSONs and converted images to base64

2025-06-16 19:44:11 - INFO - Metadata for 2020-AL-Physics-All-English written to ./data/metadata/2020-AL-Physics-All-English.json
2025-06-16 19:44:11 - DEBUG - Metadata content: {
  "pdf": "2020-AL-Physics-All-English.pdf",
  "progress": 4,
  "steps": {
    "bronze_to_silver": {
      "status": "done",
      "source_layer": "Bronze",
      "source_path": "./data/Bronze/2020-AL-Physics-All-English.pdf",
      "target_layer": "Silver",
      "target_path": "./data/Silver/2020-AL-Physics-All-English",
      "timestamp": "2025-06-13T22:43:26.150017"
    },
    "silver_to_gold_i": {
      "status": "done",
      "source_layer": "Silver",
      "source_path": "./data/Silver/2020-AL-Physics-All-English",
      "target_layer": "Gold_Images",
      "target_path": "./data/Gold/2020-AL-Physics-All-English",
      "timestamp": "2025-06-13T22:43:26.532481"
    },
    "silver_gold_to_gold_q": {
      "status": "done",
      "source_layer": "Silver + Gold_Images",
      "source_path": "./data/Silver/2020-AL-Physics-All-English, ./data/Gold/2020-AL-Physics-All-English",
      "target_layer": "Gold_Questions",
      "target_path": "./data/Gold/2020-AL-Physics-All-English",
      "timestamp": "2025-06-13T22:43:26.553239"
    },
    "gold_to_primary": {
      "status": "done",
      "source_layer": "Gold",
      "source_path": "./data/Gold/2020-AL-Physics-All-English",
      "target_layer": "Primary",
      "target_path": "./data/primary/2020-AL-Physics-All-English",
      "timestamp": "2025-06-16T19:44:11.467343"
    }
  },
  "last_modified": "2025-06-16T19:44:11.467348"
}
2025-06-16 19:44:11 - INFO - Finished processing 2020-AL-Physics-All-English.


2025-06-16 19:44:11 - INFO - Processing 2021-AL-Physics-All-English

2025-06-16 19:44:11 - DEBUG - Bronze path: ./data/Bronze/2021-AL-Physics-All-English.pdf
2025-06-16 19:44:11 - DEBUG - Silver path: ./data/Silver/2021-AL-Physics-All-English
2025-06-16 19:44:11 - DEBUG - Gold path: ./data/Gold/2021-AL-Physics-All-English
2025-06-16 19:44:11 - DEBUG - Primary path: ./data/primary/2021-AL-Physics-All-English
2025-06-16 19:44:11 - INFO - Current progress for 2021-AL-Physics-All-English: 3.
2025-06-16 19:44:11 - INFO - Steps remaining for 2021-AL-Physics-All-English: gold_to_primary

2025-06-16 19:44:11 - INFO - Converted page_3_crop9_class0.jpg to base64
2025-06-16 19:44:11 - INFO - Converted page_3_crop10_class0.jpg to base64
2025-06-16 19:44:11 - INFO - Converted page_3_crop11_class0.jpg to base64
2025-06-16 19:44:11 - INFO - Converted page_3_crop12_class0.jpg to base64
2025-06-16 19:44:11 - INFO - Converted page_4_crop6_class0.jpg to base64
2025-06-16 19:44:11 - INFO - Converted page_4_crop5_class0.jpg to base64
2025-06-16 19:44:11 - INFO - Converted page_5_crop1_class0.jpg to base64
2025-06-16 19:44:11 - INFO - Converted page_5_crop0_class0.jpg to base64
2025-06-16 19:44:11 - INFO - Converted page_5_crop2_class0.jpg to base64
2025-06-16 19:44:11 - INFO - Converted page_5_crop3_class0.jpg to base64
2025-06-16 19:44:11 - INFO - Converted page_6_crop0_class0.jpg to base64
2025-06-16 19:44:11 - INFO - Converted page_7_crop0_class0.jpg to base64
2025-06-16 19:44:11 - INFO - Converted page_7_crop3_class0.jpg to base64
2025-06-16 19:44:11 - INFO - Converted page_7_crop2_class0.jpg to base64
2025-06-16 19:44:11 - INFO - Converted page_7_crop1_class0.jpg to base64
2025-06-16 19:44:11 - INFO - Converted page_7_crop4_class0.jpg to base64
2025-06-16 19:44:11 - INFO - Converted page_8_crop1_class0.jpg to base64
2025-06-16 19:44:12 - INFO - Converted page_8_crop2_class0.jpg to base64
2025-06-16 19:44:12 - INFO - Converted page_8_crop0_class0.jpg to base64
2025-06-16 19:44:12 - INFO - Converted page_9_crop3_class0.jpg to base64
2025-06-16 19:44:12 - INFO - Converted page_10_crop7_class0.jpg to base64
2025-06-16 19:44:12 - INFO - Converted page_10_crop6_class0.jpg to base64
2025-06-16 19:44:12 - INFO - Converted page_10_crop3_class0.jpg to base64
2025-06-16 19:44:12 - INFO - Converted page_11_crop0_class0.jpg to base64
2025-06-16 19:44:12 - INFO - Converted page_11_crop1_class0.jpg to base64
2025-06-16 19:44:12 - INFO - Cleaned 50 questions into ./data/primary/2021-AL-Physics-All-English\mcq.json
2025-06-16 19:44:12 - INFO - Cleaned JSONs and converted images to base64

2025-06-16 19:44:12 - INFO - Metadata for 2021-AL-Physics-All-English written to ./data/metadata/2021-AL-Physics-All-English.json
2025-06-16 19:44:12 - DEBUG - Metadata content: {
  "pdf": "2021-AL-Physics-All-English.pdf",
  "progress": 4,
  "steps": {
    "bronze_to_silver": {
      "status": "done",
      "source_layer": "Bronze",
      "source_path": "./data/Bronze/2021-AL-Physics-All-English.pdf",
      "target_layer": "Silver",
      "target_path": "./data/Silver/2021-AL-Physics-All-English",
      "timestamp": "2025-06-13T22:45:24.846097"
    },
    "silver_to_gold_i": {
      "status": "done",
      "source_layer": "Silver",
      "source_path": "./data/Silver/2021-AL-Physics-All-English",
      "target_layer": "Gold_Images",
      "target_path": "./data/Gold/2021-AL-Physics-All-English",
      "timestamp": "2025-06-13T22:45:34.430484"
    },
    "silver_gold_to_gold_q": {
      "status": "done",
      "source_layer": "Silver + Gold_Images",
      "source_path": "./data/Silver/2021-AL-Physics-All-English, ./data/Gold/2021-AL-Physics-All-English",
      "target_layer": "Gold_Questions",
      "target_path": "./data/Gold/2021-AL-Physics-All-English",
      "timestamp": "2025-06-13T22:50:08.049868"
    },
    "gold_to_primary": {
      "status": "done",
      "source_layer": "Gold",
      "source_path": "./data/Gold/2021-AL-Physics-All-English",
      "target_layer": "Primary",
      "target_path": "./data/primary/2021-AL-Physics-All-English",
      "timestamp": "2025-06-16T19:44:12.609507"
    }
  },
  "last_modified": "2025-06-16T19:44:12.609522"
}
2025-06-16 19:44:12 - INFO - Finished processing 2021-AL-Physics-All-English.


2025-06-16 19:44:12 - INFO - Main script completed successfully.
