2025-06-16 19:35:12 - INFO - Main script started


2025-06-16 19:35:12 - INFO - Processing 2016-AL-Physics-All-English

2025-06-16 19:35:12 - DEBUG - Bronze path: ./data/Bronze/2016-AL-Physics-All-English.pdf
2025-06-16 19:35:12 - DEBUG - Silver path: ./data/Silver/2016-AL-Physics-All-English
2025-06-16 19:35:12 - DEBUG - Gold path: ./data/Gold/2016-AL-Physics-All-English
2025-06-16 19:35:12 - DEBUG - Primary path: ./data/primary/2016-AL-Physics-All-English
2025-06-16 19:35:12 - INFO - Current progress for 2016-AL-Physics-All-English: 3.
2025-06-16 19:35:12 - INFO - Steps remaining for 2016-AL-Physics-All-English: gold_to_primary

2025-06-16 19:35:12 - WARNING - Option image not found: ./data/Gold/2016-AL-Physics-All-English\mcq\images\[]\[]
2025-06-16 19:35:12 - WARNING - Option image not found: ./data/Gold/2016-AL-Physics-All-English\mcq\images\[]\[]
2025-06-16 19:35:12 - WARNING - Option image not found: ./data/Gold/2016-AL-Physics-All-English\mcq\images\[]\[]
2025-06-16 19:35:12 - WARNING - Option image not found: ./data/Gold/2016-AL-Physics-All-English\mcq\images\[]\[]
2025-06-16 19:35:12 - WARNING - Option image not found: ./data/Gold/2016-AL-Physics-All-English\mcq\images\[]\[]
2025-06-16 19:35:12 - INFO - Converted page_2_crop4_class0.jpg to base64
2025-06-16 19:35:12 - INFO - Converted page_2_crop8_class0.jpg to base64
2025-06-16 19:35:12 - WARNING - Option image not found: ./data/Gold/2016-AL-Physics-All-English\mcq\images\[]\[]
2025-06-16 19:35:12 - WARNING - Option image not found: ./data/Gold/2016-AL-Physics-All-English\mcq\images\[]\[]
2025-06-16 19:35:12 - WARNING - Option image not found: ./data/Gold/2016-AL-Physics-All-English\mcq\images\[]\[]
2025-06-16 19:35:12 - WARNING - Option image not found: ./data/Gold/2016-AL-Physics-All-English\mcq\images\[]\[]
2025-06-16 19:35:12 - WARNING - Option image not found: ./data/Gold/2016-AL-Physics-All-English\mcq\images\[]\[]
2025-06-16 19:35:12 - INFO - Converted page_2_crop0_class0.jpg to base64
2025-06-16 19:35:12 - WARNING - Option image not found: ./data/Gold/2016-AL-Physics-All-English\mcq\images\[]\[]
2025-06-16 19:35:12 - WARNING - Option image not found: ./data/Gold/2016-AL-Physics-All-English\mcq\images\[]\[]
2025-06-16 19:35:12 - WARNING - Option image not found: ./data/Gold/2016-AL-Physics-All-English\mcq\images\[]\[]
2025-06-16 19:35:12 - WARNING - Option image not found: ./data/Gold/2016-AL-Physics-All-English\mcq\images\[]\[]
2025-06-16 19:35:12 - WARNING - Option image not found: ./data/Gold/2016-AL-Physics-All-English\mcq\images\[]\[]
2025-06-16 19:35:12 - WARNING - Option image not found: ./data/Gold/2016-AL-Physics-All-English\mcq\images\[]\[]
2025-06-16 19:35:12 - WARNING - Option image not found: ./data/Gold/2016-AL-Physics-All-English\mcq\images\[]\[]
2025-06-16 19:35:12 - WARNING - Option image not found: ./data/Gold/2016-AL-Physics-All-English\mcq\images\[]\[]
2025-06-16 19:35:12 - WARNING - Option image not found: ./data/Gold/2016-AL-Physics-All-English\mcq\images\[]\[]
2025-06-16 19:35:12 - WARNING - Option image not found: ./data/Gold/2016-AL-Physics-All-English\mcq\images\[]\[]
2025-06-16 19:35:12 - WARNING - Option image not found: ./data/Gold/2016-AL-Physics-All-English\mcq\images\[]\[]
2025-06-16 19:35:12 - WARNING - Option image not found: ./data/Gold/2016-AL-Physics-All-English\mcq\images\[]\[]
2025-06-16 19:35:12 - WARNING - Option image not found: ./data/Gold/2016-AL-Physics-All-English\mcq\images\[]\[]
2025-06-16 19:35:12 - WARNING - Option image not found: ./data/Gold/2016-AL-Physics-All-English\mcq\images\[]\[]
2025-06-16 19:35:12 - WARNING - Option image not found: ./data/Gold/2016-AL-Physics-All-English\mcq\images\[]\[]
2025-06-16 19:35:12 - INFO - Converted page_3_crop7_class0.jpg to base64
2025-06-16 19:35:12 - WARNING - Option image not found: ./data/Gold/2016-AL-Physics-All-English\mcq\images\[]\[]
2025-06-16 19:35:12 - WARNING - Option image not found: ./data/Gold/2016-AL-Physics-All-English\mcq\images\[]\[]
2025-06-16 19:35:12 - WARNING - Option image not found: ./data/Gold/2016-AL-Physics-All-English\mcq\images\[]\[]
2025-06-16 19:35:12 - WARNING - Option image not found: ./data/Gold/2016-AL-Physics-All-English\mcq\images\[]\[]
2025-06-16 19:35:12 - WARNING - Option image not found: ./data/Gold/2016-AL-Physics-All-English\mcq\images\[]\[]
2025-06-16 19:35:12 - INFO - Converted option image page_3_crop11_class0.jpg to base64
2025-06-16 19:35:12 - INFO - Converted option image page_3_crop9_class0.jpg to base64
2025-06-16 19:35:12 - INFO - Converted option image page_3_crop8_class0.jpg to base64
2025-06-16 19:35:12 - INFO - Converted option image page_3_crop10_class0.jpg to base64
2025-06-16 19:35:12 - INFO - Converted option image page_3_crop2_class0.jpg to base64
2025-06-16 19:35:12 - INFO - Converted page_3_crop5_class0.jpg to base64
2025-06-16 19:35:12 - WARNING - Option image not found: ./data/Gold/2016-AL-Physics-All-English\mcq\images\[]\[]
2025-06-16 19:35:12 - WARNING - Option image not found: ./data/Gold/2016-AL-Physics-All-English\mcq\images\[]\[]
2025-06-16 19:35:12 - WARNING - Option image not found: ./data/Gold/2016-AL-Physics-All-English\mcq\images\[]\[]
2025-06-16 19:35:12 - WARNING - Option image not found: ./data/Gold/2016-AL-Physics-All-English\mcq\images\[]\[]
2025-06-16 19:35:12 - WARNING - Option image not found: ./data/Gold/2016-AL-Physics-All-English\mcq\images\[]\[]
2025-06-16 19:35:12 - WARNING - Option image not found: ./data/Gold/2016-AL-Physics-All-English\mcq\images\[]\[]
2025-06-16 19:35:12 - WARNING - Option image not found: ./data/Gold/2016-AL-Physics-All-English\mcq\images\[]\[]
2025-06-16 19:35:12 - WARNING - Option image not found: ./data/Gold/2016-AL-Physics-All-English\mcq\images\[]\[]
2025-06-16 19:35:12 - WARNING - Option image not found: ./data/Gold/2016-AL-Physics-All-English\mcq\images\[]\[]
2025-06-16 19:35:12 - WARNING - Option image not found: ./data/Gold/2016-AL-Physics-All-English\mcq\images\[]\[]
2025-06-16 19:35:12 - WARNING - Option image not found: ./data/Gold/2016-AL-Physics-All-English\mcq\images\[]\[]
2025-06-16 19:35:12 - WARNING - Option image not found: ./data/Gold/2016-AL-Physics-All-English\mcq\images\[]\[]
2025-06-16 19:35:12 - WARNING - Option image not found: ./data/Gold/2016-AL-Physics-All-English\mcq\images\[]\[]
2025-06-16 19:35:12 - WARNING - Option image not found: ./data/Gold/2016-AL-Physics-All-English\mcq\images\[]\[]
2025-06-16 19:35:12 - WARNING - Option image not found: ./data/Gold/2016-AL-Physics-All-English\mcq\images\[]\[]
2025-06-16 19:35:12 - INFO - Converted option image page_3_crop0_class0.jpg to base64
2025-06-16 19:35:12 - INFO - Converted option image page_3_crop1_class0.jpg to base64
2025-06-16 19:35:12 - INFO - Converted option image page_3_crop2_class0.jpg to base64
2025-06-16 19:35:12 - INFO - Converted option image page_3_crop3_class0.jpg to base64
2025-06-16 19:35:13 - INFO - Converted option image page_3_crop6_class0.jpg to base64
2025-06-16 19:35:13 - WARNING - Option image not found: ./data/Gold/2016-AL-Physics-All-English\mcq\images\[]\[]
2025-06-16 19:35:13 - WARNING - Option image not found: ./data/Gold/2016-AL-Physics-All-English\mcq\images\[]\[]
2025-06-16 19:35:13 - WARNING - Option image not found: ./data/Gold/2016-AL-Physics-All-English\mcq\images\[]\[]
2025-06-16 19:35:13 - WARNING - Option image not found: ./data/Gold/2016-AL-Physics-All-English\mcq\images\[]\[]
2025-06-16 19:35:13 - WARNING - Option image not found: ./data/Gold/2016-AL-Physics-All-English\mcq\images\[]\[]
2025-06-16 19:35:13 - WARNING - Option image not found: ./data/Gold/2016-AL-Physics-All-English\mcq\images\[]\[]
2025-06-16 19:35:13 - WARNING - Option image not found: ./data/Gold/2016-AL-Physics-All-English\mcq\images\[]\[]
2025-06-16 19:35:13 - WARNING - Option image not found: ./data/Gold/2016-AL-Physics-All-English\mcq\images\[]\[]
2025-06-16 19:35:13 - WARNING - Option image not found: ./data/Gold/2016-AL-Physics-All-English\mcq\images\[]\[]
2025-06-16 19:35:13 - WARNING - Option image not found: ./data/Gold/2016-AL-Physics-All-English\mcq\images\[]\[]
2025-06-16 19:35:13 - INFO - Converted page_4_crop1_class0.jpg to base64
2025-06-16 19:35:13 - WARNING - Option image not found: ./data/Gold/2016-AL-Physics-All-English\mcq\images\[]\[]
2025-06-16 19:35:13 - WARNING - Option image not found: ./data/Gold/2016-AL-Physics-All-English\mcq\images\[]\[]
2025-06-16 19:35:13 - WARNING - Option image not found: ./data/Gold/2016-AL-Physics-All-English\mcq\images\[]\[]
2025-06-16 19:35:13 - WARNING - Option image not found: ./data/Gold/2016-AL-Physics-All-English\mcq\images\[]\[]
2025-06-16 19:35:13 - WARNING - Option image not found: ./data/Gold/2016-AL-Physics-All-English\mcq\images\[]\[]
2025-06-16 19:35:13 - INFO - Converted page_4_crop0_class0.jpg to base64
2025-06-16 19:35:13 - WARNING - Option image not found: ./data/Gold/2016-AL-Physics-All-English\mcq\images\[]\[]
2025-06-16 19:35:13 - WARNING - Option image not found: ./data/Gold/2016-AL-Physics-All-English\mcq\images\[]\[]
2025-06-16 19:35:13 - WARNING - Option image not found: ./data/Gold/2016-AL-Physics-All-English\mcq\images\[]\[]
2025-06-16 19:35:13 - WARNING - Option image not found: ./data/Gold/2016-AL-Physics-All-English\mcq\images\[]\[]
2025-06-16 19:35:13 - WARNING - Option image not found: ./data/Gold/2016-AL-Physics-All-English\mcq\images\[]\[]
2025-06-16 19:35:13 - WARNING - Option image not found: ./data/Gold/2016-AL-Physics-All-English\mcq\images\[]\[]
2025-06-16 19:35:13 - WARNING - Option image not found: ./data/Gold/2016-AL-Physics-All-English\mcq\images\[]\[]
2025-06-16 19:35:13 - WARNING - Option image not found: ./data/Gold/2016-AL-Physics-All-English\mcq\images\[]\[]
2025-06-16 19:35:13 - WARNING - Option image not found: ./data/Gold/2016-AL-Physics-All-English\mcq\images\[]\[]
2025-06-16 19:35:13 - WARNING - Option image not found: ./data/Gold/2016-AL-Physics-All-English\mcq\images\[]\[]
2025-06-16 19:35:13 - INFO - Converted page_4_crop2_class0.jpg to base64
2025-06-16 19:35:13 - WARNING - Option image not found: ./data/Gold/2016-AL-Physics-All-English\mcq\images\[]\[]
2025-06-16 19:35:13 - WARNING - Option image not found: ./data/Gold/2016-AL-Physics-All-English\mcq\images\[]\[]
2025-06-16 19:35:13 - WARNING - Option image not found: ./data/Gold/2016-AL-Physics-All-English\mcq\images\[]\[]
2025-06-16 19:35:13 - WARNING - Option image not found: ./data/Gold/2016-AL-Physics-All-English\mcq\images\[]\[]
2025-06-16 19:35:13 - WARNING - Option image not found: ./data/Gold/2016-AL-Physics-All-English\mcq\images\[]\[]
2025-06-16 19:35:13 - INFO - Converted page_4_crop3_class0.jpg to base64
2025-06-16 19:35:13 - WARNING - Option image not found: ./data/Gold/2016-AL-Physics-All-English\mcq\images\[]\[]
2025-06-16 19:35:13 - WARNING - Option image not found: ./data/Gold/2016-AL-Physics-All-English\mcq\images\[]\[]
2025-06-16 19:35:13 - WARNING - Option image not found: ./data/Gold/2016-AL-Physics-All-English\mcq\images\[]\[]
2025-06-16 19:35:13 - WARNING - Option image not found: ./data/Gold/2016-AL-Physics-All-English\mcq\images\[]\[]
2025-06-16 19:35:13 - WARNING - Option image not found: ./data/Gold/2016-AL-Physics-All-English\mcq\images\[]\[]
2025-06-16 19:35:13 - WARNING - Option image not found: ./data/Gold/2016-AL-Physics-All-English\mcq\images\[]\[]
2025-06-16 19:35:13 - WARNING - Option image not found: ./data/Gold/2016-AL-Physics-All-English\mcq\images\[]\[]
2025-06-16 19:35:13 - WARNING - Option image not found: ./data/Gold/2016-AL-Physics-All-English\mcq\images\[]\[]
2025-06-16 19:35:13 - WARNING - Option image not found: ./data/Gold/2016-AL-Physics-All-English\mcq\images\[]\[]
2025-06-16 19:35:13 - WARNING - Option image not found: ./data/Gold/2016-AL-Physics-All-English\mcq\images\[]\[]
2025-06-16 19:35:13 - INFO - Converted page_5_crop1_class0.jpg to base64
2025-06-16 19:35:13 - WARNING - Option image not found: ./data/Gold/2016-AL-Physics-All-English\mcq\images\[]\[]
2025-06-16 19:35:13 - WARNING - Option image not found: ./data/Gold/2016-AL-Physics-All-English\mcq\images\[]\[]
2025-06-16 19:35:13 - WARNING - Option image not found: ./data/Gold/2016-AL-Physics-All-English\mcq\images\[]\[]
2025-06-16 19:35:13 - WARNING - Option image not found: ./data/Gold/2016-AL-Physics-All-English\mcq\images\[]\[]
2025-06-16 19:35:13 - WARNING - Option image not found: ./data/Gold/2016-AL-Physics-All-English\mcq\images\[]\[]
2025-06-16 19:35:13 - INFO - Converted page_5_crop0_class0.jpg to base64
2025-06-16 19:35:13 - INFO - Converted page_5_crop2_class0.jpg to base64
2025-06-16 19:35:13 - WARNING - Option image not found: ./data/Gold/2016-AL-Physics-All-English\mcq\images\[]\[]
2025-06-16 19:35:13 - WARNING - Option image not found: ./data/Gold/2016-AL-Physics-All-English\mcq\images\[]\[]
2025-06-16 19:35:13 - WARNING - Option image not found: ./data/Gold/2016-AL-Physics-All-English\mcq\images\[]\[]
2025-06-16 19:35:13 - WARNING - Option image not found: ./data/Gold/2016-AL-Physics-All-English\mcq\images\[]\[]
2025-06-16 19:35:13 - WARNING - Option image not found: ./data/Gold/2016-AL-Physics-All-English\mcq\images\[]\[]
2025-06-16 19:35:13 - INFO - Converted page_5_crop3_class0.jpg to base64
2025-06-16 19:35:13 - WARNING - Option image not found: ./data/Gold/2016-AL-Physics-All-English\mcq\images\[]\[]
2025-06-16 19:35:13 - WARNING - Option image not found: ./data/Gold/2016-AL-Physics-All-English\mcq\images\[]\[]
2025-06-16 19:35:13 - WARNING - Option image not found: ./data/Gold/2016-AL-Physics-All-English\mcq\images\[]\[]
2025-06-16 19:35:13 - WARNING - Option image not found: ./data/Gold/2016-AL-Physics-All-English\mcq\images\[]\[]
2025-06-16 19:35:13 - WARNING - Option image not found: ./data/Gold/2016-AL-Physics-All-English\mcq\images\[]\[]
2025-06-16 19:35:13 - WARNING - Option image not found: ./data/Gold/2016-AL-Physics-All-English\mcq\images\[]\[]
2025-06-16 19:35:13 - WARNING - Option image not found: ./data/Gold/2016-AL-Physics-All-English\mcq\images\[]\[]
2025-06-16 19:35:13 - WARNING - Option image not found: ./data/Gold/2016-AL-Physics-All-English\mcq\images\[]\[]
2025-06-16 19:35:13 - WARNING - Option image not found: ./data/Gold/2016-AL-Physics-All-English\mcq\images\[]\[]
2025-06-16 19:35:13 - WARNING - Option image not found: ./data/Gold/2016-AL-Physics-All-English\mcq\images\[]\[]
2025-06-16 19:35:13 - INFO - Converted page_5_crop4_class0.jpg to base64
2025-06-16 19:35:13 - WARNING - Option image not found: ./data/Gold/2016-AL-Physics-All-English\mcq\images\[]\[]
2025-06-16 19:35:13 - WARNING - Option image not found: ./data/Gold/2016-AL-Physics-All-English\mcq\images\[]\[]
2025-06-16 19:35:13 - WARNING - Option image not found: ./data/Gold/2016-AL-Physics-All-English\mcq\images\[]\[]
2025-06-16 19:35:13 - WARNING - Option image not found: ./data/Gold/2016-AL-Physics-All-English\mcq\images\[]\[]
2025-06-16 19:35:13 - WARNING - Option image not found: ./data/Gold/2016-AL-Physics-All-English\mcq\images\[]\[]
2025-06-16 19:35:13 - WARNING - Option image not found: ./data/Gold/2016-AL-Physics-All-English\mcq\images\[]\[]
2025-06-16 19:35:13 - WARNING - Option image not found: ./data/Gold/2016-AL-Physics-All-English\mcq\images\[]\[]
2025-06-16 19:35:13 - WARNING - Option image not found: ./data/Gold/2016-AL-Physics-All-English\mcq\images\[]\[]
2025-06-16 19:35:13 - WARNING - Option image not found: ./data/Gold/2016-AL-Physics-All-English\mcq\images\[]\[]
2025-06-16 19:35:13 - WARNING - Option image not found: ./data/Gold/2016-AL-Physics-All-English\mcq\images\[]\[]
2025-06-16 19:35:14 - INFO - Converted page_6_crop2_class0.jpg to base64
2025-06-16 19:35:14 - WARNING - Option image not found: ./data/Gold/2016-AL-Physics-All-English\mcq\images\[]\[]
2025-06-16 19:35:14 - WARNING - Option image not found: ./data/Gold/2016-AL-Physics-All-English\mcq\images\[]\[]
2025-06-16 19:35:14 - WARNING - Option image not found: ./data/Gold/2016-AL-Physics-All-English\mcq\images\[]\[]
2025-06-16 19:35:14 - WARNING - Option image not found: ./data/Gold/2016-AL-Physics-All-English\mcq\images\[]\[]
2025-06-16 19:35:14 - WARNING - Option image not found: ./data/Gold/2016-AL-Physics-All-English\mcq\images\[]\[]
2025-06-16 19:35:14 - INFO - Converted page_6_crop0_class0.jpg to base64
2025-06-16 19:35:14 - WARNING - Option image not found: ./data/Gold/2016-AL-Physics-All-English\mcq\images\[]\[]
2025-06-16 19:35:14 - WARNING - Option image not found: ./data/Gold/2016-AL-Physics-All-English\mcq\images\[]\[]
2025-06-16 19:35:14 - WARNING - Option image not found: ./data/Gold/2016-AL-Physics-All-English\mcq\images\[]\[]
2025-06-16 19:35:14 - WARNING - Option image not found: ./data/Gold/2016-AL-Physics-All-English\mcq\images\[]\[]
2025-06-16 19:35:14 - WARNING - Option image not found: ./data/Gold/2016-AL-Physics-All-English\mcq\images\[]\[]
2025-06-16 19:35:14 - INFO - Converted page_6_crop3_class0.jpg to base64
2025-06-16 19:35:14 - WARNING - Option image not found: ./data/Gold/2016-AL-Physics-All-English\mcq\images\[]\[]
2025-06-16 19:35:14 - WARNING - Option image not found: ./data/Gold/2016-AL-Physics-All-English\mcq\images\[]\[]
2025-06-16 19:35:14 - WARNING - Option image not found: ./data/Gold/2016-AL-Physics-All-English\mcq\images\[]\[]
2025-06-16 19:35:14 - WARNING - Option image not found: ./data/Gold/2016-AL-Physics-All-English\mcq\images\[]\[]
2025-06-16 19:35:14 - WARNING - Option image not found: ./data/Gold/2016-AL-Physics-All-English\mcq\images\[]\[]
2025-06-16 19:35:14 - WARNING - Option image not found: ./data/Gold/2016-AL-Physics-All-English\mcq\images\[]\[]
2025-06-16 19:35:14 - WARNING - Option image not found: ./data/Gold/2016-AL-Physics-All-English\mcq\images\[]\[]
2025-06-16 19:35:14 - WARNING - Option image not found: ./data/Gold/2016-AL-Physics-All-English\mcq\images\[]\[]
2025-06-16 19:35:14 - WARNING - Option image not found: ./data/Gold/2016-AL-Physics-All-English\mcq\images\[]\[]
2025-06-16 19:35:14 - WARNING - Option image not found: ./data/Gold/2016-AL-Physics-All-English\mcq\images\[]\[]
2025-06-16 19:35:14 - INFO - Converted page_6_crop1_class0.jpg to base64
2025-06-16 19:35:14 - WARNING - Option image not found: ./data/Gold/2016-AL-Physics-All-English\mcq\images\[]\[]
2025-06-16 19:35:14 - WARNING - Option image not found: ./data/Gold/2016-AL-Physics-All-English\mcq\images\[]\[]
2025-06-16 19:35:14 - WARNING - Option image not found: ./data/Gold/2016-AL-Physics-All-English\mcq\images\[]\[]
2025-06-16 19:35:14 - WARNING - Option image not found: ./data/Gold/2016-AL-Physics-All-English\mcq\images\[]\[]
2025-06-16 19:35:14 - WARNING - Option image not found: ./data/Gold/2016-AL-Physics-All-English\mcq\images\[]\[]
2025-06-16 19:35:14 - WARNING - Option image not found: ./data/Gold/2016-AL-Physics-All-English\mcq\images\[]\[]
2025-06-16 19:35:14 - WARNING - Option image not found: ./data/Gold/2016-AL-Physics-All-English\mcq\images\[]\[]
2025-06-16 19:35:14 - WARNING - Option image not found: ./data/Gold/2016-AL-Physics-All-English\mcq\images\[]\[]
2025-06-16 19:35:14 - WARNING - Option image not found: ./data/Gold/2016-AL-Physics-All-English\mcq\images\[]\[]
2025-06-16 19:35:14 - WARNING - Option image not found: ./data/Gold/2016-AL-Physics-All-English\mcq\images\[]\[]
2025-06-16 19:35:14 - INFO - Converted page_7_crop1_class0.jpg to base64
2025-06-16 19:35:14 - WARNING - Option image not found: ./data/Gold/2016-AL-Physics-All-English\mcq\images\[]\[]
2025-06-16 19:35:14 - WARNING - Option image not found: ./data/Gold/2016-AL-Physics-All-English\mcq\images\[]\[]
2025-06-16 19:35:14 - WARNING - Option image not found: ./data/Gold/2016-AL-Physics-All-English\mcq\images\[]\[]
2025-06-16 19:35:14 - WARNING - Option image not found: ./data/Gold/2016-AL-Physics-All-English\mcq\images\[]\[]
2025-06-16 19:35:14 - WARNING - Option image not found: ./data/Gold/2016-AL-Physics-All-English\mcq\images\[]\[]
2025-06-16 19:35:14 - WARNING - Option image not found: ./data/Gold/2016-AL-Physics-All-English\mcq\images\[]\[]
2025-06-16 19:35:14 - WARNING - Option image not found: ./data/Gold/2016-AL-Physics-All-English\mcq\images\[]\[]
2025-06-16 19:35:14 - WARNING - Option image not found: ./data/Gold/2016-AL-Physics-All-English\mcq\images\[]\[]
2025-06-16 19:35:14 - WARNING - Option image not found: ./data/Gold/2016-AL-Physics-All-English\mcq\images\[]\[]
2025-06-16 19:35:14 - WARNING - Option image not found: ./data/Gold/2016-AL-Physics-All-English\mcq\images\[]\[]
2025-06-16 19:35:14 - INFO - Converted page_7_crop0_class0.jpg to base64
2025-06-16 19:35:14 - WARNING - Option image not found: ./data/Gold/2016-AL-Physics-All-English\mcq\images\[]\[]
2025-06-16 19:35:14 - WARNING - Option image not found: ./data/Gold/2016-AL-Physics-All-English\mcq\images\[]\[]
2025-06-16 19:35:14 - WARNING - Option image not found: ./data/Gold/2016-AL-Physics-All-English\mcq\images\[]\[]
2025-06-16 19:35:14 - WARNING - Option image not found: ./data/Gold/2016-AL-Physics-All-English\mcq\images\[]\[]
2025-06-16 19:35:14 - WARNING - Option image not found: ./data/Gold/2016-AL-Physics-All-English\mcq\images\[]\[]
2025-06-16 19:35:14 - INFO - Converted page_7_crop3_class0.jpg to base64
2025-06-16 19:35:14 - WARNING - Option image not found: ./data/Gold/2016-AL-Physics-All-English\mcq\images\[]\[]
2025-06-16 19:35:14 - WARNING - Option image not found: ./data/Gold/2016-AL-Physics-All-English\mcq\images\[]\[]
2025-06-16 19:35:14 - WARNING - Option image not found: ./data/Gold/2016-AL-Physics-All-English\mcq\images\[]\[]
2025-06-16 19:35:14 - WARNING - Option image not found: ./data/Gold/2016-AL-Physics-All-English\mcq\images\[]\[]
2025-06-16 19:35:14 - WARNING - Option image not found: ./data/Gold/2016-AL-Physics-All-English\mcq\images\[]\[]
2025-06-16 19:35:14 - INFO - Converted page_7_crop2_class0.jpg to base64
2025-06-16 19:35:14 - WARNING - Option image not found: ./data/Gold/2016-AL-Physics-All-English\mcq\images\[]\[]
2025-06-16 19:35:14 - WARNING - Option image not found: ./data/Gold/2016-AL-Physics-All-English\mcq\images\[]\[]
2025-06-16 19:35:14 - WARNING - Option image not found: ./data/Gold/2016-AL-Physics-All-English\mcq\images\[]\[]
2025-06-16 19:35:14 - WARNING - Option image not found: ./data/Gold/2016-AL-Physics-All-English\mcq\images\[]\[]
2025-06-16 19:35:14 - WARNING - Option image not found: ./data/Gold/2016-AL-Physics-All-English\mcq\images\[]\[]
2025-06-16 19:35:14 - WARNING - Image not found: ./data/Gold/2016-AL-Physics-All-English\mcq\images\[\[
2025-06-16 19:35:14 - WARNING - Image not found: ./data/Gold/2016-AL-Physics-All-English\mcq\images\p\p
2025-06-16 19:35:14 - WARNING - Image not found: ./data/Gold/2016-AL-Physics-All-English\mcq\images\a\a
2025-06-16 19:35:14 - WARNING - Image not found: ./data/Gold/2016-AL-Physics-All-English\mcq\images\g\g
2025-06-16 19:35:14 - WARNING - Image not found: ./data/Gold/2016-AL-Physics-All-English\mcq\images\e\e
2025-06-16 19:35:14 - WARNING - Image not found: ./data/Gold/2016-AL-Physics-All-English\mcq\images\_\_
2025-06-16 19:35:14 - WARNING - Image not found: ./data/Gold/2016-AL-Physics-All-English\mcq\images\8\8
2025-06-16 19:35:14 - WARNING - Image not found: ./data/Gold/2016-AL-Physics-All-English\mcq\images\_\_
2025-06-16 19:35:14 - WARNING - Image not found: ./data/Gold/2016-AL-Physics-All-English\mcq\images\c\c
2025-06-16 19:35:14 - WARNING - Image not found: ./data/Gold/2016-AL-Physics-All-English\mcq\images\r\r
2025-06-16 19:35:14 - WARNING - Image not found: ./data/Gold/2016-AL-Physics-All-English\mcq\images\o\o
2025-06-16 19:35:14 - WARNING - Image not found: ./data/Gold/2016-AL-Physics-All-English\mcq\images\p\p
2025-06-16 19:35:14 - WARNING - Image not found: ./data/Gold/2016-AL-Physics-All-English\mcq\images\0\0
2025-06-16 19:35:14 - WARNING - Image not found: ./data/Gold/2016-AL-Physics-All-English\mcq\images\_\_
2025-06-16 19:35:14 - WARNING - Image not found: ./data/Gold/2016-AL-Physics-All-English\mcq\images\c\c
2025-06-16 19:35:14 - WARNING - Image not found: ./data/Gold/2016-AL-Physics-All-English\mcq\images\l\l
2025-06-16 19:35:14 - WARNING - Image not found: ./data/Gold/2016-AL-Physics-All-English\mcq\images\a\a
2025-06-16 19:35:14 - WARNING - Image not found: ./data/Gold/2016-AL-Physics-All-English\mcq\images\s\s
2025-06-16 19:35:14 - WARNING - Image not found: ./data/Gold/2016-AL-Physics-All-English\mcq\images\s\s
2025-06-16 19:35:14 - WARNING - Image not found: ./data/Gold/2016-AL-Physics-All-English\mcq\images\0\0
2025-06-16 19:35:14 - ERROR - Unhandled exception in 'convert_jpg_to_base64': [Errno 13] Permission denied: './data/Gold/2016-AL-Physics-All-English\\mcq\\images\\.\\.'
Traceback (most recent call last):
  File "E:\CSE\Semester 6\CS3940 - Professional Portfolio\Lab\openpapers-data-collecting\src\utils\decorators.py", line 28, in wrapper
    return func(*args, **kwargs)
  File "E:\CSE\Semester 6\CS3940 - Professional Portfolio\Lab\openpapers-data-collecting\src\questions\cleaned_json.py", line 12, in convert_jpg_to_base64
    with open(image_path, "rb") as image_file:
         ~~~~^^^^^^^^^^^^^^^^^^
PermissionError: [Errno 13] Permission denied: './data/Gold/2016-AL-Physics-All-English\\mcq\\images\\.\\.'
2025-06-16 19:35:14 - ERROR - Unhandled exception in 'clean_jsons': [Errno 13] Permission denied: './data/Gold/2016-AL-Physics-All-English\\mcq\\images\\.\\.'
Traceback (most recent call last):
  File "E:\CSE\Semester 6\CS3940 - Professional Portfolio\Lab\openpapers-data-collecting\src\utils\decorators.py", line 28, in wrapper
    return func(*args, **kwargs)
  File "E:\CSE\Semester 6\CS3940 - Professional Portfolio\Lab\openpapers-data-collecting\src\questions\cleaned_json.py", line 39, in clean_jsons
    base64_images.append(convert_jpg_to_base64(img_path))
                         ~~~~~~~~~~~~~~~~~~~~~^^^^^^^^^^
  File "E:\CSE\Semester 6\CS3940 - Professional Portfolio\Lab\openpapers-data-collecting\src\utils\decorators.py", line 28, in wrapper
    return func(*args, **kwargs)
  File "E:\CSE\Semester 6\CS3940 - Professional Portfolio\Lab\openpapers-data-collecting\src\questions\cleaned_json.py", line 12, in convert_jpg_to_base64
    with open(image_path, "rb") as image_file:
         ~~~~^^^^^^^^^^^^^^^^^^
PermissionError: [Errno 13] Permission denied: './data/Gold/2016-AL-Physics-All-English\\mcq\\images\\.\\.'
