2025-06-17 13:31:29 - INFO - Cleaning script started
2025-06-17 13:31:29 - INFO - Cleaning 2016-AL-Physics-All-English at level gold_questions
2025-06-17 13:31:29 - INFO - Deleted folder: ./data/Gold/2016-AL-Physics-All-English/mcq/questions
2025-06-17 13:31:29 - WARNING - Folder not found: ./data/Gold/2016-AL-Physics-All-English/structured/questions
2025-06-17 13:31:29 - WARNING - Folder not found: ./data/Gold/2016-AL-Physics-All-English/essay/questions
2025-06-17 13:31:29 - INFO - Rolling back metadata for 2016-AL-Physics-All-English to step 'gold_to_primary'
2025-06-17 13:31:29 - INFO - Metadata for 2016-AL-Physics-All-English written to ./data/metadata/2016-AL-Physics-All-English.json
2025-06-17 13:31:29 - INFO - Rolling back metadata for 2016-AL-Physics-All-English to step 'silver_gold_to_gold_q'
2025-06-17 13:31:29 - INFO - Metadata for 2016-AL-Physics-All-English written to ./data/metadata/2016-AL-Physics-All-English.json
2025-06-17 13:31:29 - INFO - Cleaning 2017-AL-Physics-All-English at level gold_questions
2025-06-17 13:31:29 - INFO - Deleted folder: ./data/Gold/2017-AL-Physics-All-English/mcq/questions
2025-06-17 13:31:29 - WARNING - Folder not found: ./data/Gold/2017-AL-Physics-All-English/structured/questions
2025-06-17 13:31:29 - WARNING - Folder not found: ./data/Gold/2017-AL-Physics-All-English/essay/questions
2025-06-17 13:31:29 - INFO - Rolling back metadata for 2017-AL-Physics-All-English to step 'gold_to_primary'
2025-06-17 13:31:29 - INFO - Metadata for 2017-AL-Physics-All-English written to ./data/metadata/2017-AL-Physics-All-English.json
2025-06-17 13:31:29 - INFO - Rolling back metadata for 2017-AL-Physics-All-English to step 'silver_gold_to_gold_q'
2025-06-17 13:31:29 - INFO - Metadata for 2017-AL-Physics-All-English written to ./data/metadata/2017-AL-Physics-All-English.json
2025-06-17 13:31:29 - INFO - Cleaning 2018-AL-Physics-All-English at level gold_questions
2025-06-17 13:31:29 - INFO - Deleted folder: ./data/Gold/2018-AL-Physics-All-English/mcq/questions
2025-06-17 13:31:29 - WARNING - Folder not found: ./data/Gold/2018-AL-Physics-All-English/structured/questions
2025-06-17 13:31:29 - WARNING - Folder not found: ./data/Gold/2018-AL-Physics-All-English/essay/questions
2025-06-17 13:31:29 - INFO - Rolling back metadata for 2018-AL-Physics-All-English to step 'gold_to_primary'
2025-06-17 13:31:29 - INFO - Metadata for 2018-AL-Physics-All-English written to ./data/metadata/2018-AL-Physics-All-English.json
2025-06-17 13:31:29 - INFO - Rolling back metadata for 2018-AL-Physics-All-English to step 'silver_gold_to_gold_q'
2025-06-17 13:31:29 - INFO - Metadata for 2018-AL-Physics-All-English written to ./data/metadata/2018-AL-Physics-All-English.json
2025-06-17 13:31:29 - INFO - Cleaning 2019-AL-Physics-All-English at level gold_questions
2025-06-17 13:31:29 - INFO - Deleted folder: ./data/Gold/2019-AL-Physics-All-English/mcq/questions
2025-06-17 13:31:29 - WARNING - Folder not found: ./data/Gold/2019-AL-Physics-All-English/structured/questions
2025-06-17 13:31:29 - WARNING - Folder not found: ./data/Gold/2019-AL-Physics-All-English/essay/questions
2025-06-17 13:31:29 - INFO - Rolling back metadata for 2019-AL-Physics-All-English to step 'gold_to_primary'
2025-06-17 13:31:29 - INFO - Metadata for 2019-AL-Physics-All-English written to ./data/metadata/2019-AL-Physics-All-English.json
2025-06-17 13:31:29 - INFO - Rolling back metadata for 2019-AL-Physics-All-English to step 'silver_gold_to_gold_q'
2025-06-17 13:31:29 - INFO - Metadata for 2019-AL-Physics-All-English written to ./data/metadata/2019-AL-Physics-All-English.json
2025-06-17 13:31:29 - INFO - Cleaning 2020-AL-Physics-All-English at level gold_questions
2025-06-17 13:31:29 - INFO - Deleted folder: ./data/Gold/2020-AL-Physics-All-English/mcq/questions
2025-06-17 13:31:29 - WARNING - Folder not found: ./data/Gold/2020-AL-Physics-All-English/structured/questions
2025-06-17 13:31:29 - WARNING - Folder not found: ./data/Gold/2020-AL-Physics-All-English/essay/questions
2025-06-17 13:31:29 - INFO - Rolling back metadata for 2020-AL-Physics-All-English to step 'gold_to_primary'
2025-06-17 13:31:29 - INFO - Metadata for 2020-AL-Physics-All-English written to ./data/metadata/2020-AL-Physics-All-English.json
2025-06-17 13:31:29 - INFO - Rolling back metadata for 2020-AL-Physics-All-English to step 'silver_gold_to_gold_q'
2025-06-17 13:31:29 - INFO - Metadata for 2020-AL-Physics-All-English written to ./data/metadata/2020-AL-Physics-All-English.json
2025-06-17 13:31:29 - INFO - Cleaning 2021-AL-Physics-All-English at level gold_questions
2025-06-17 13:31:29 - INFO - Deleted folder: ./data/Gold/2021-AL-Physics-All-English/mcq/questions
2025-06-17 13:31:29 - WARNING - Folder not found: ./data/Gold/2021-AL-Physics-All-English/structured/questions
2025-06-17 13:31:29 - WARNING - Folder not found: ./data/Gold/2021-AL-Physics-All-English/essay/questions
2025-06-17 13:31:29 - INFO - Rolling back metadata for 2021-AL-Physics-All-English to step 'gold_to_primary'
2025-06-17 13:31:29 - INFO - Metadata for 2021-AL-Physics-All-English written to ./data/metadata/2021-AL-Physics-All-English.json
2025-06-17 13:31:29 - INFO - Rolling back metadata for 2021-AL-Physics-All-English to step 'silver_gold_to_gold_q'
2025-06-17 13:31:29 - INFO - Metadata for 2021-AL-Physics-All-English written to ./data/metadata/2021-AL-Physics-All-English.json
2025-06-17 13:31:29 - INFO - Cleanup complete.
