2025-06-17 21:47:25 - INFO - Cleaning script started
2025-06-17 21:47:25 - INFO - Cleaning 2016-AL-Physics-All-English at level primary
2025-06-17 21:47:25 - INFO - Deleted folder: ./data/primary/2016-AL-Physics-All-English
2025-06-17 21:47:25 - INFO - Rolling back metadata for 2016-AL-Physics-All-English to step 'gold_to_primary'
2025-06-17 21:47:25 - INFO - Metadata for 2016-AL-Physics-All-English written to ./data/metadata/2016-AL-Physics-All-English.json
2025-06-17 21:47:25 - INFO - Cleaning 2017-AL-Physics-All-English at level primary
2025-06-17 21:47:25 - INFO - Deleted folder: ./data/primary/2017-AL-Physics-All-English
2025-06-17 21:47:25 - INFO - Rolling back metadata for 2017-AL-Physics-All-English to step 'gold_to_primary'
2025-06-17 21:47:25 - INFO - Metadata for 2017-AL-Physics-All-English written to ./data/metadata/2017-AL-Physics-All-English.json
2025-06-17 21:47:25 - INFO - Cleaning 2018-AL-Physics-All-English at level primary
2025-06-17 21:47:25 - INFO - Deleted folder: ./data/primary/2018-AL-Physics-All-English
2025-06-17 21:47:25 - INFO - Rolling back metadata for 2018-AL-Physics-All-English to step 'gold_to_primary'
2025-06-17 21:47:25 - INFO - Metadata for 2018-AL-Physics-All-English written to ./data/metadata/2018-AL-Physics-All-English.json
2025-06-17 21:47:25 - INFO - Cleaning 2019-AL-Physics-All-English at level primary
2025-06-17 21:47:25 - INFO - Deleted folder: ./data/primary/2019-AL-Physics-All-English
2025-06-17 21:47:25 - INFO - Rolling back metadata for 2019-AL-Physics-All-English to step 'gold_to_primary'
2025-06-17 21:47:25 - INFO - Metadata for 2019-AL-Physics-All-English written to ./data/metadata/2019-AL-Physics-All-English.json
2025-06-17 21:47:25 - INFO - Cleaning 2020-AL-Physics-All-English at level primary
2025-06-17 21:47:25 - INFO - Deleted folder: ./data/primary/2020-AL-Physics-All-English
2025-06-17 21:47:25 - INFO - Rolling back metadata for 2020-AL-Physics-All-English to step 'gold_to_primary'
2025-06-17 21:47:25 - INFO - Metadata for 2020-AL-Physics-All-English written to ./data/metadata/2020-AL-Physics-All-English.json
2025-06-17 21:47:25 - INFO - Cleaning 2021-AL-Physics-All-English at level primary
2025-06-17 21:47:25 - INFO - Deleted folder: ./data/primary/2021-AL-Physics-All-English
2025-06-17 21:47:25 - INFO - Rolling back metadata for 2021-AL-Physics-All-English to step 'gold_to_primary'
2025-06-17 21:47:25 - INFO - Metadata for 2021-AL-Physics-All-English written to ./data/metadata/2021-AL-Physics-All-English.json
2025-06-17 21:47:25 - INFO - Cleanup complete.
