2025-06-13 22:15:03 - INFO - Cleaning script started
2025-06-13 22:15:03 - INFO - Cleaning 2016-AL-Physics-All-English at level silver
2025-06-13 22:15:03 - INFO - Deleted folder: ./data/Silver\2016-AL-Physics-All-English
2025-06-13 22:15:03 - INFO - Deleted folder: ./data/Gold\2016-AL-Physics-All-English
2025-06-13 22:15:03 - INFO - Rolling back metadata for 2016-AL-Physics-All-English to step 'bronze_to_silver'
2025-06-13 22:15:03 - INFO - Metadata for 2016-AL-Physics-All-English written to ./data/metadata/2016-AL-Physics-All-English.json
2025-06-13 22:15:03 - INFO - Cleaning 2017-AL-Physics-All-English at level silver
2025-06-13 22:15:03 - WARNING - Folder not found: ./data/Silver\2017-AL-Physics-All-English
2025-06-13 22:15:03 - WARNING - Folder not found: ./data/Gold\2017-AL-Physics-All-English
2025-06-13 22:15:03 - INFO - Rolling back metadata for 2017-AL-Physics-All-English to step 'bronze_to_silver'
2025-06-13 22:15:03 - INFO - Metadata file not found for 2017-AL-Physics-All-English
2025-06-13 22:15:03 - INFO - Metadata for 2017-AL-Physics-All-English written to ./data/metadata/2017-AL-Physics-All-English.json
2025-06-13 22:15:03 - INFO - Cleaning 2018-AL-Physics-All-English at level silver
2025-06-13 22:15:03 - WARNING - Folder not found: ./data/Silver\2018-AL-Physics-All-English
2025-06-13 22:15:03 - WARNING - Folder not found: ./data/Gold\2018-AL-Physics-All-English
2025-06-13 22:15:03 - INFO - Rolling back metadata for 2018-AL-Physics-All-English to step 'bronze_to_silver'
2025-06-13 22:15:03 - INFO - Metadata file not found for 2018-AL-Physics-All-English
2025-06-13 22:15:03 - INFO - Metadata for 2018-AL-Physics-All-English written to ./data/metadata/2018-AL-Physics-All-English.json
2025-06-13 22:15:03 - INFO - Cleaning 2019-AL-Physics-All-English at level silver
2025-06-13 22:15:03 - WARNING - Folder not found: ./data/Silver\2019-AL-Physics-All-English
2025-06-13 22:15:03 - WARNING - Folder not found: ./data/Gold\2019-AL-Physics-All-English
2025-06-13 22:15:03 - INFO - Rolling back metadata for 2019-AL-Physics-All-English to step 'bronze_to_silver'
2025-06-13 22:15:03 - INFO - Metadata file not found for 2019-AL-Physics-All-English
2025-06-13 22:15:03 - INFO - Metadata for 2019-AL-Physics-All-English written to ./data/metadata/2019-AL-Physics-All-English.json
2025-06-13 22:15:03 - INFO - Cleaning 2020-AL-Physics-All-English at level silver
2025-06-13 22:15:03 - WARNING - Folder not found: ./data/Silver\2020-AL-Physics-All-English
2025-06-13 22:15:03 - WARNING - Folder not found: ./data/Gold\2020-AL-Physics-All-English
2025-06-13 22:15:03 - INFO - Rolling back metadata for 2020-AL-Physics-All-English to step 'bronze_to_silver'
2025-06-13 22:15:03 - INFO - Metadata file not found for 2020-AL-Physics-All-English
2025-06-13 22:15:03 - INFO - Metadata for 2020-AL-Physics-All-English written to ./data/metadata/2020-AL-Physics-All-English.json
2025-06-13 22:15:03 - INFO - Cleaning 2021-AL-Physics-All-English at level silver
2025-06-13 22:15:03 - WARNING - Folder not found: ./data/Silver\2021-AL-Physics-All-English
2025-06-13 22:15:03 - WARNING - Folder not found: ./data/Gold\2021-AL-Physics-All-English
2025-06-13 22:15:03 - INFO - Rolling back metadata for 2021-AL-Physics-All-English to step 'bronze_to_silver'
2025-06-13 22:15:03 - INFO - Metadata file not found for 2021-AL-Physics-All-English
2025-06-13 22:15:03 - INFO - Metadata for 2021-AL-Physics-All-English written to ./data/metadata/2021-AL-Physics-All-English.json
2025-06-13 22:15:03 - INFO - Cleanup complete.
